
vaibhav@vaibhav-HP-250-G8-Notebook-PC:~$ sudo mysql
Welcome to the MySQL monitor.  Commands end with ; or \g.
Your MySQL connection id is 19
Server version: 8.0.19-0ubuntu5 (Ubuntu)

Copyright (c) 2000, 2020, Oracle and/or its affiliates. All rights reserved.

Oracle is a registered trademark of Oracle Corporation and/or its
affiliates. Other names may be trademarks of their respective
owners.

Type 'help;' or '\h' for help. Type '\c' to clear the current input statement.

mysql> CREATE USER 'root3'@'localhost' IDENTIFIED BY 'password';
Query OK, 0 rows affected (0.01 sec)

mysql> SELECT user FROM user;
ERROR 1046 (3D000): No database selected
mysql> use mysql
Reading table information for completion of table and column names
You can turn off this feature to get a quicker startup with -A

Database changed
mysql> SELECT user FROM user;
+------------------+
| user             |
+------------------+
| root             |
| debian-sys-maint |
| mysql.infoschema |
| mysql.session    |
| mysql.sys        |
| new_user         |
| root             |
| root1            |
| root2            |
| root3            |
| sammy            |
+------------------+
11 rows in set (0.00 sec)

mysql> create database fullstack10feb;
Query OK, 1 row affected (0.01 sec)

mysql> grant select on fullstack10feb to root3@localhost;
ERROR 1146 (42S02): Table 'mysql.fullstack10feb' doesn't exist
mysql> show databases;
+--------------------+
| Database           |
+--------------------+
| fullstack10feb     |
| information_schema |
| java14oct          |
| mysql              |
| performance_schema |
| sys                |
+--------------------+
6 rows in set (0.00 sec)

mysql> grant select on fullstack10feb.* to root3@localhost;
Query OK, 0 rows affected (0.01 sec)

mysql> exit;
Bye
vaibhav@vaibhav-HP-250-G8-Notebook-PC:~$ mysql -u root3 -p
Enter password:
Welcome to the MySQL monitor.  Commands end with ; or \g.
Your MySQL connection id is 20
Server version: 8.0.19-0ubuntu5 (Ubuntu)

Copyright (c) 2000, 2020, Oracle and/or its affiliates. All rights reserved.

Oracle is a registered trademark of Oracle Corporation and/or its
affiliates. Other names may be trademarks of their respective
owners.

Type 'help;' or '\h' for help. Type '\c' to clear the current input statement.

mysql> create table employee(id int ,name varchar(20));
ERROR 1046 (3D000): No database selected
mysql> show databases;
+--------------------+
| Database           |
+--------------------+
| fullstack10feb     |
| information_schema |
+--------------------+
2 rows in set (0.00 sec)

mysql> use fullstack10feb;
Database changed
mysql> create table employee(id int ,name varchar(20));
ERROR 1142 (42000): CREATE command denied to user 'root3'@'localhost' for table 'employee'
mysql> exit
Bye
vaibhav@vaibhav-HP-250-G8-Notebook-PC:~$ sudo mysql
Welcome to the MySQL monitor.  Commands end with ; or \g.
Your MySQL connection id is 21
Server version: 8.0.19-0ubuntu5 (Ubuntu)

Copyright (c) 2000, 2020, Oracle and/or its affiliates. All rights reserved.

Oracle is a registered trademark of Oracle Corporation and/or its
affiliates. Other names may be trademarks of their respective
owners.

Type 'help;' or '\h' for help. Type '\c' to clear the current input statement.

mysql> grant select,insert,update,delete on fullstack10feb.* to root3@localhost;
Query OK, 0 rows affected (0.00 sec)

mysql> exit
Bye
vaibhav@vaibhav-HP-250-G8-Notebook-PC:~$ mysql -u root3 -p
Enter password:
Welcome to the MySQL monitor.  Commands end with ; or \g.
Your MySQL connection id is 22
Server version: 8.0.19-0ubuntu5 (Ubuntu)

Copyright (c) 2000, 2020, Oracle and/or its affiliates. All rights reserved.

Oracle is a registered trademark of Oracle Corporation and/or its
affiliates. Other names may be trademarks of their respective
owners.

Type 'help;' or '\h' for help. Type '\c' to clear the current input statement.

mysql> use fullstack10feb;
Database changed
mysql> create table employee(id int ,name varchar(20));
ERROR 1142 (42000): CREATE command denied to user 'root3'@'localhost' for table 'employee'
mysql> exit
Bye
vaibhav@vaibhav-HP-250-G8-Notebook-PC:~$ sudo mysql
Welcome to the MySQL monitor.  Commands end with ; or \g.
Your MySQL connection id is 23
Server version: 8.0.19-0ubuntu5 (Ubuntu)

Copyright (c) 2000, 2020, Oracle and/or its affiliates. All rights reserved.

Oracle is a registered trademark of Oracle Corporation and/or its
affiliates. Other names may be trademarks of their respective
owners.

Type 'help;' or '\h' for help. Type '\c' to clear the current input statement.

mysql> grant select,insert,update,delete,create on fullstack10feb.* to root3@localhost;
Query OK, 0 rows affected (0.01 sec)

mysql> exit
Bye
vaibhav@vaibhav-HP-250-G8-Notebook-PC:~$ mysql -u root3 -p
Enter password:
Welcome to the MySQL monitor.  Commands end with ; or \g.
Your MySQL connection id is 24
Server version: 8.0.19-0ubuntu5 (Ubuntu)

Copyright (c) 2000, 2020, Oracle and/or its affiliates. All rights reserved.

Oracle is a registered trademark of Oracle Corporation and/or its
affiliates. Other names may be trademarks of their respective
owners.

Type 'help;' or '\h' for help. Type '\c' to clear the current input statement.

mysql> use fullstack10feb;
Database changed
mysql> create table employee(id int ,name varchar(20));
Query OK, 0 rows affected (0.03 sec)
mysql> show tables;
+--------------------------+
| Tables_in_fullstack10feb |
+--------------------------+
| employee                 |
| student                  |
+--------------------------+
2 rows in set (0.00 sec)

mysql> desc student;
+---------+-------------+------+-----+---------+-------+
| Field   | Type        | Null | Key | Default | Extra |
+---------+-------------+------+-----+---------+-------+
| id      | int         | YES  |     | NULL    |       |
| name    | varchar(25) | YES  |     | NULL    |       |
| address | varchar(25) | YES  |     | NULL    |       |
+---------+-------------+------+-----+---------+-------+
3 rows in set (0.01 sec)

 use fullstack10feb;
Reading table information for completion of table and column names
You can turn off this feature to get a quicker startup with -A

Database changed
mysql> delimiter /
mysql> create procedure getStudentData()
    -> BEGIN
    -> select * from student;
    -> END;
    -> /
Query OK, 0 rows affected (0.01 sec)

mysql> call getStduentData();
    -> /
ERROR 1305 (42000): PROCEDURE fullstack10feb.getStduentData does not exist
mysql> call getStudentData();/
+------+---------+---------+
| id   | name    | address |
+------+---------+---------+
|    1 | Rahul   | Pune    |
|    1 | prakash | mumbai  |
+------+---------+---------+
2 rows in set (0.00 sec)

Query OK, 0 rows affected (0.00 sec)

mysql> call getStudentData();/
+------+---------+---------+
| id   | name    | address |
+------+---------+---------+
|    1 | Rahul   | Pune    |
|    1 | prakash | mumbai  |
+------+---------+---------+
2 rows in set (0.00 sec)

Query OK, 0 rows affected (0.00 sec)

mysql> call getStudentData();/
+------+-----------+--------------+
| id   | name      | address      |
+------+-----------+--------------+
|    1 | Rahul     | Pune         |
|    1 | prakash   | mumbai       |
|    1 | name=> 1  | address=> 1  |
|    2 | name=> 2  | address=> 2  |
|    3 | name=> 3  | address=> 3  |
|    4 | name=> 4  | address=> 4  |
|    5 | name=> 5  | address=> 5  |
|    6 | name=> 6  | address=> 6  |
|    7 | name=> 7  | address=> 7  |
|    8 | name=> 8  | address=> 8  |
|    9 | name=> 9  | address=> 9  |
|   10 | name=> 10 | address=> 10 |
+------+-----------+--------------+
12 rows in set (0.00 sec)

Query OK, 0 rows affected (0.00 sec)

mysql>


